\BOOKMARK [-1][-]{part.1}{\376\377\000I\000\040\000T\000h\000e\000\040\000I\000C\000\040\000M\000a\000n\000i\000f\000o\000l\000d}{}% 1
\BOOKMARK [0][-]{section.0.1}{\376\377\000G\000o\000a\000l}{part.1}% 2
\BOOKMARK [1][-]{section.0.2}{\376\377\000P\000r\000o\000b\000l\000e\000m\000\040\000s\000e\000t\000u\000p\000:\000\040\000s\000y\000m\000m\000e\000t\000r\000i\000e\000s\000\040\000a\000n\000d\000\040\000g\000a\000u\000g\000e\000s}{section.0.1}% 3
\BOOKMARK [2][-]{subsection.0.2.1}{\376\377\000I\000n\000j\000e\000c\000t\000i\000v\000i\000t\000y\000\040\000c\000a\000v\000e\000a\000t\000s}{section.0.2}% 4
\BOOKMARK [1][-]{section.0.3}{\376\377\000G\000e\000n\000e\000r\000a\000l\000\040\000c\000h\000a\000r\000t\000-\000b\000a\000s\000e\000d\000\040\000c\000o\000n\000s\000t\000r\000u\000c\000t\000i\000o\000n}{section.0.1}% 5
\BOOKMARK [2][-]{subsection.0.3.1}{\376\377\000V\000i\000e\000w\000\040\000=\000\040\000c\000o\000o\000r\000d\000i\000n\000a\000t\000e\000s\000\040\000+\000\040\000d\000e\000c\000o\000d\000e\000r\000\040\000+\000\040\000c\000a\000n\000o\000n\000i\000c\000a\000l\000i\000s\000e\000r}{section.0.3}% 6
\BOOKMARK [2][-]{subsection.0.3.2}{\376\377\000F\000a\000c\000t\000o\000r\000i\000s\000a\000t\000i\000o\000n\000:\000\040\000m\000a\000s\000s\000e\000s\000\040\000\040\000c\000o\000n\000f\000i\000g\000u\000r\000a\000t\000i\000o\000n\000\040\000\040\000m\000o\000m\000e\000n\000t\000u\000m}{section.0.3}% 7
\BOOKMARK [1][-]{section.0.4}{\376\377\000T\000h\000e\000\040\0008\000D\000\040\000l\000a\000t\000e\000n\000t\000\040\000c\000h\000a\000r\000t}{section.0.1}% 8
\BOOKMARK [1][-]{section.0.5}{\376\377\000C\000h\000a\000r\000t\000\040\000m\000a\000p\000s\000\040}{section.0.1}% 9
\BOOKMARK [2][-]{subsection.0.5.1}{\376\377\000A\000f\000f\000i\000n\000e\000\040\000s\000l\000i\000c\000i\000n\000g}{section.0.5}% 10
\BOOKMARK [1][-]{section.0.6}{\376\377\000D\000e\000c\000o\000d\000e\000r\000\040\000a\000n\000d\000\040\000c\000a\000n\000o\000n\000i\000c\000a\000l\000i\000s\000e\000r}{section.0.1}% 11
\BOOKMARK [2][-]{subsection.0.6.1}{\376\377\000M\000a\000s\000s\000e\000s}{section.0.6}% 12
\BOOKMARK [2][-]{subsection.0.6.2}{\376\377\000C\000o\000n\000f\000i\000g\000u\000r\000a\000t\000i\000o\000n\000:\000\040\000h\000y\000p\000e\000r\000s\000p\000h\000e\000r\000i\000c\000a\000l\000\040\000m\000a\000s\000s\000-\000w\000e\000i\000g\000h\000t\000e\000d\000\040\000J\000a\000c\000o\000b\000i}{section.0.6}% 13
\BOOKMARK [2][-]{subsection.0.6.3}{\376\377\000C\000a\000n\000o\000n\000i\000c\000a\000l\000i\000s\000e\000\040\000c\000o\000n\000f\000i\000g\000u\000r\000a\000t\000i\000o\000n}{section.0.6}% 14
\BOOKMARK [2][-]{subsection.0.6.4}{\376\377\000M\000o\000m\000e\000n\000t\000u\000m\000\040\000d\000e\000c\000o\000d\000e}{section.0.6}% 15
\BOOKMARK [2][-]{subsection.0.6.5}{\376\377\000S\000c\000a\000l\000e\000\040\000g\000a\000u\000g\000e}{section.0.6}% 16
\BOOKMARK [2][-]{subsection.0.6.6}{\376\377\000E\000n\000e\000r\000g\000y\000\040\000n\000o\000r\000m\000a\000l\000i\000s\000a\000t\000i\000o\000n\000\040\000\050\000o\000p\000t\000i\000o\000n\000a\000l\000\051}{section.0.6}% 17
\BOOKMARK [2][-]{subsection.0.6.7}{\376\377\000N\000o\000-\000h\000o\000l\000e\000s\000:\000\040\000d\000e\000g\000e\000n\000e\000r\000a\000c\000y\000\040\000a\000n\000d\000\040\000t\000=\0000\000\040\000c\000o\000l\000l\000i\000s\000i\000o\000n}{section.0.6}% 18
\BOOKMARK [1][-]{section.0.7}{\376\377\000G\000e\000n\000e\000r\000i\000c\000\040\000c\000h\000a\000r\000t\000\040\000i\000n\000s\000t\000a\000n\000t\000i\000a\000t\000i\000o\000n\000s}{section.0.1}% 19
\BOOKMARK [2][-]{subsection.0.7.1}{\376\377\000G\000e\000o\000m\000e\000t\000r\000y\000\040\000+\000\040\000m\000o\000m\000e\000n\000t\000u\000m\000\040\000i\000n\000\040\000a\000\040\000f\000u\000n\000d\000a\000m\000e\000n\000t\000a\000l\000\040\000d\000o\000m\000a\000i\000n}{section.0.7}% 20
\BOOKMARK [2][-]{subsection.0.7.2}{\376\377\000I\000n\000v\000a\000r\000i\000a\000n\000t\000\040\000c\000o\000o\000r\000d\000i\000n\000a\000t\000e\000s\000\040\000\050\000L\000z\000,\000E\000\051}{section.0.7}% 21
\BOOKMARK [2][-]{subsection.0.7.3}{\376\377\000I\000n\000v\000a\000r\000i\000a\000n\000t\000\040\000c\000o\000o\000r\000d\000i\000n\000a\000t\000e\000s\000\040\000\050\000L\000z\000,\000K\000\051}{section.0.7}% 22
\BOOKMARK [2][-]{subsection.0.7.4}{\376\377\000S\000h\000a\000p\000e\000-\000s\000p\000h\000e\000r\000e\000\040\000p\000r\000o\000j\000e\000c\000t\000i\000o\000n\000\040\000\050\000,\000\051}{section.0.7}% 23
\BOOKMARK [2][-]{subsection.0.7.5}{\376\377\000M\000i\000x\000e\000d\000-\000a\000x\000i\000s\000\040\000c\000h\000a\000r\000t\000s}{section.0.7}% 24
\BOOKMARK [1][-]{section.0.8}{\376\377\000M\000e\000a\000s\000u\000r\000e\000\040\000a\000n\000d\000\040\000s\000a\000m\000p\000l\000i\000n\000g\000\040\000d\000e\000n\000s\000i\000t\000y}{section.0.1}% 25
\BOOKMARK [-1][-]{part.2}{\376\377\000I\000I\000\040\000T\000h\000e\000\040\000B\000u\000r\000r\000a\000u\040\023\000P\000y\000t\000h\000a\000g\000o\000r\000e\000a\000n\000\040\000F\000a\000m\000i\000l\000y}{}% 26
\BOOKMARK [0][-]{section.0.9}{\376\377\000M\000o\000t\000i\000v\000a\000t\000i\000o\000n}{part.2}% 27
\BOOKMARK [1][-]{section.0.10}{\376\377\000T\000h\000e\000\040\000d\000i\000s\000c\000r\000e\000t\000e\000\040\000f\000a\000m\000i\000l\000y}{section.0.9}% 28
\BOOKMARK [2][-]{subsection.0.10.1}{\376\377\000E\000u\000c\000l\000i\000d\000'\000s\000\040\000p\000a\000r\000a\000m\000e\000t\000r\000i\000s\000a\000t\000i\000o\000n}{section.0.10}% 29
\BOOKMARK [2][-]{subsection.0.10.2}{\376\377\000D\000i\000s\000t\000i\000n\000c\000t\000\040\000s\000h\000a\000p\000e\000s}{section.0.10}% 30
\BOOKMARK [2][-]{subsection.0.10.3}{\376\377\000J\000a\000c\000o\000b\000i\000\040\000c\000o\000o\000r\000d\000i\000n\000a\000t\000e\000s\000\040\000f\000o\000r\000\040\000B\000u\000r\000r\000a\000u\000\040\000c\000o\000n\000f\000i\000g\000u\000r\000a\000t\000i\000o\000n\000s}{section.0.10}% 31
\BOOKMARK [2][-]{subsection.0.10.4}{\376\377\000C\000o\000n\000t\000i\000n\000u\000o\000u\000s\000\040\000i\000n\000t\000e\000r\000p\000o\000l\000a\000t\000i\000o\000n}{section.0.10}% 32
\BOOKMARK [1][-]{section.0.11}{\376\377\000R\000e\000l\000a\000x\000i\000n\000g\000\040\000c\000o\000n\000s\000t\000r\000a\000i\000n\000t\000s}{section.0.9}% 33
\BOOKMARK [2][-]{subsection.0.11.1}{\376\377\000M\000a\000s\000s\000\040\000s\000i\000m\000p\000l\000e\000x}{section.0.11}% 34
\BOOKMARK [2][-]{subsection.0.11.2}{\376\377\000M\000o\000m\000e\000n\000t\000u\000m}{section.0.11}% 35
\BOOKMARK [2][-]{subsection.0.11.3}{\376\377\000P\000r\000o\000g\000r\000e\000s\000s\000i\000v\000e\000\040\000e\000s\000c\000a\000l\000a\000t\000i\000o\000n}{section.0.11}% 36
\BOOKMARK [1][-]{section.0.12}{\376\377\000B\000u\000r\000r\000a\000u\000-\000s\000p\000e\000c\000i\000f\000i\000c\000\040\000c\000h\000a\000r\000t\000s}{section.0.9}% 37
\BOOKMARK [2][-]{subsection.0.12.1}{\376\377\000T\000h\000e\000\040\000E\000u\000c\000l\000i\000d\000\040\000p\000l\000a\000n\000e}{section.0.12}% 38
\BOOKMARK [2][-]{subsection.0.12.2}{\376\377\000T\000h\000e\000\040\000a\000c\000u\000t\000e\000-\000a\000n\000g\000l\000e\000\040\000a\000x\000i\000s}{section.0.12}% 39
\BOOKMARK [2][-]{subsection.0.12.3}{\376\377\000T\000e\000r\000n\000a\000r\000y\000\040\000m\000a\000s\000s\000\040\000p\000l\000o\000t}{section.0.12}% 40
\BOOKMARK [2][-]{subsection.0.12.4}{\376\377\000B\000i\000f\000u\000r\000c\000a\000t\000i\000o\000n\000\040\000s\000t\000r\000i\000p\000s}{section.0.12}% 41
\BOOKMARK [1][-]{section.0.13}{\376\377\000C\000e\000n\000t\000r\000a\000l\000\040\000h\000y\000p\000o\000t\000h\000e\000s\000i\000s}{section.0.9}% 42
\BOOKMARK [-1][-]{part.3}{\376\377\000I\000I\000I\000\040\000I\000n\000t\000e\000r\000a\000c\000t\000i\000o\000n\000\040\000M\000o\000d\000e\000l}{}% 43
\BOOKMARK [0][-]{section.0.14}{\376\377\000T\000h\000e\000\040\000p\000r\000o\000j\000e\000c\000t\000i\000v\000e\000\040\000m\000i\000c\000r\000o\000s\000c\000o\000p\000e}{part.3}% 44
\BOOKMARK [1][-]{subsection.0.14.1}{\376\377\000E\000x\000i\000s\000t\000i\000n\000g\000\040\000c\000o\000n\000t\000r\000o\000l\000s\000\040\000\050\000u\000n\000c\000h\000a\000n\000g\000e\000d\000\051}{section.0.14}% 45
\BOOKMARK [2][-]{subsection.0.14.2}{\376\377\000T\000i\000l\000t\000:\000\040\000r\000o\000t\000a\000t\000i\000n\000g\000\040\000i\000n\000t\000o\000\040\000h\000i\000d\000d\000e\000n\000\040\000d\000i\000m\000e\000n\000s\000i\000o\000n\000s}{subsection.0.14.1}% 46
\BOOKMARK [1][-]{section.0.15}{\376\377\000L\000o\000c\000k\000\040\000g\000e\000s\000t\000u\000r\000e}{section.0.14}% 47
\BOOKMARK [1][-]{section.0.16}{\376\377\000L\000o\000c\000k\000e\000d\000-\000p\000i\000x\000e\000l\000\040\000i\000n\000s\000p\000e\000c\000t\000o\000r}{section.0.14}% 48
\BOOKMARK [2][-]{subsection.0.16.1}{\376\377\000C\000o\000m\000p\000u\000t\000e\000\040\000m\000o\000d\000e\000l}{section.0.16}% 49
\BOOKMARK [2][-]{subsection.0.16.2}{\376\377\000W\000h\000y\000\040\000C\000P\000U\000\040\000a\000n\000d\000\040\000w\000h\000y\000\040\000h\000i\000g\000h\000\040\000p\000r\000e\000c\000i\000s\000i\000o\000n}{section.0.16}% 50
\BOOKMARK [2][-]{subsection.0.16.3}{\376\377\000I\000n\000s\000p\000e\000c\000t\000o\000r\000\040\000o\000v\000e\000r\000l\000a\000y\000\040\000c\000o\000n\000t\000e\000n\000t\000s}{section.0.16}% 51
\BOOKMARK [2][-]{subsection.0.16.4}{\376\377\000R\000e\000l\000a\000t\000i\000o\000n\000s\000h\000i\000p\000\040\000t\000o\000\040\000t\000h\000e\000\040\000t\000i\000l\000e\000d\000\040\000p\000i\000p\000e\000l\000i\000n\000e}{section.0.16}% 52
\BOOKMARK [1][-]{section.0.17}{\376\377\000L\000o\000o\000k\000u\000p\000:\000\040\000e\000n\000t\000e\000r\000i\000n\000g\000\040\000I\000C\000s\000\040\000d\000i\000r\000e\000c\000t\000l\000y}{section.0.14}% 53
\BOOKMARK [2][-]{subsection.0.17.1}{\376\377\000I\000n\000v\000e\000r\000s\000e\000\040\000e\000n\000c\000o\000d\000e\000\040\000p\000a\000t\000h\000s}{section.0.17}% 54
\BOOKMARK [2][-]{subsection.0.17.2}{\376\377\000C\000h\000a\000r\000t\000-\000a\000w\000a\000r\000e\000\040\000v\000a\000l\000i\000d\000a\000t\000i\000o\000n}{section.0.17}% 55
\BOOKMARK [1][-]{section.0.18}{\376\377\000N\000a\000m\000e\000d\000\040\000c\000o\000m\000p\000o\000u\000n\000d\000\040\000d\000i\000r\000e\000c\000t\000i\000o\000n\000s}{section.0.14}% 56
\BOOKMARK [1][-]{section.0.19}{\376\377\000I\000m\000p\000l\000e\000m\000e\000n\000t\000a\000t\000i\000o\000n\000\040\000s\000u\000m\000m\000a\000r\000y}{section.0.14}% 57
\BOOKMARK [-1][-]{part.4}{\376\377\000I\000V\000\040\000S\000i\000m\000u\000l\000a\000t\000i\000o\000n\000\040\000a\000n\000d\000\040\000A\000n\000a\000l\000y\000s\000i\000s}{}% 58
\BOOKMARK [0][-]{section.0.20}{\376\377\000E\000q\000u\000a\000t\000i\000o\000n\000s\000\040\000o\000f\000\040\000m\000o\000t\000i\000o\000n\000\040\000a\000n\000d\000\040\000i\000n\000t\000e\000g\000r\000a\000t\000o\000r\000s}{part.4}% 59
\BOOKMARK [1][-]{subsection.0.20.1}{\376\377\000K\000D\000K\000\040\000l\000e\000a\000p\000f\000r\000o\000g\000\040\000\050\000d\000e\000f\000a\000u\000l\000t\000,\000\040\0002\000n\000d\000\040\000o\000r\000d\000e\000r\000\051}{section.0.20}% 60
\BOOKMARK [2][-]{subsection.0.20.2}{\376\377\000Y\000o\000s\000h\000i\000d\000a\000\040\000c\000o\000m\000p\000o\000s\000i\000t\000i\000o\000n\000\040\000\050\0004\000t\000h\000\040\000a\000n\000d\000\040\0006\000t\000h\000\040\000o\000r\000d\000e\000r\000\051}{subsection.0.20.1}% 61
\BOOKMARK [2][-]{subsection.0.20.3}{\376\377\000R\000K\0004\000\040\000\050\000v\000a\000l\000i\000d\000a\000t\000i\000o\000n\000\040\000r\000e\000f\000e\000r\000e\000n\000c\000e\000\051}{subsection.0.20.1}% 62
\BOOKMARK [2][-]{subsection.0.20.4}{\376\377\000F\000u\000t\000u\000r\000e\000\040\000d\000i\000r\000e\000c\000t\000i\000o\000n\000:\000\040\000K\000S\000\040\000r\000e\000g\000u\000l\000a\000r\000i\000s\000a\000t\000i\000o\000n}{subsection.0.20.1}% 63
\BOOKMARK [2][-]{subsection.0.20.5}{\376\377\000F\000a\000i\000l\000u\000r\000e\000\040\000h\000a\000n\000d\000l\000i\000n\000g}{subsection.0.20.1}% 64
\BOOKMARK [2][-]{subsection.0.20.6}{\376\377\000C\000O\000M\000\040\000p\000r\000o\000j\000e\000c\000t\000i\000o\000n\000\040\000a\000n\000d\000\040\000i\000n\000v\000a\000r\000i\000a\000n\000t\000\040\000m\000o\000n\000i\000t\000o\000r\000i\000n\000g}{subsection.0.20.1}% 65
\BOOKMARK [1][-]{section.0.21}{\376\377\000E\000v\000e\000n\000t\000\040\000d\000e\000t\000e\000c\000t\000i\000o\000n}{section.0.20}% 66
\BOOKMARK [2][-]{subsection.0.21.1}{\376\377\000C\000o\000l\000l\000i\000s\000i\000o\000n}{section.0.21}% 67
\BOOKMARK [2][-]{subsection.0.21.2}{\376\377\000E\000s\000c\000a\000p\000e}{section.0.21}% 68
\BOOKMARK [1][-]{section.0.22}{\376\377\000S\000t\000a\000b\000i\000l\000i\000t\000y\000\040\000m\000e\000t\000r\000i\000c\000s}{section.0.20}% 69
\BOOKMARK [2][-]{subsection.0.22.1}{\376\377\000S\000h\000a\000p\000e\000-\000s\000p\000h\000e\000r\000e\000\040\000o\000b\000s\000e\000r\000v\000a\000b\000l\000e}{section.0.22}% 70
\BOOKMARK [2][-]{subsection.0.22.2}{\376\377\000F\000r\000e\000q\000u\000e\000n\000c\000y\000\040\000d\000i\000f\000f\000u\000s\000i\000o\000n}{section.0.22}% 71
\BOOKMARK [2][-]{subsection.0.22.3}{\376\377\000F\000i\000n\000i\000t\000e\000-\000t\000i\000m\000e\000\040\000L\000y\000a\000p\000u\000n\000o\000v\000\040\000e\000x\000p\000o\000n\000e\000n\000t\000\040\000\050\000F\000T\000L\000E\000\051}{section.0.22}% 72
\BOOKMARK [2][-]{subsection.0.22.4}{\376\377\000F\000i\000n\000i\000t\000e\000-\000r\000e\000s\000o\000l\000u\000t\000i\000o\000n\000\040\000e\000n\000s\000e\000m\000b\000l\000e\000\040\000s\000p\000r\000e\000a\000d}{section.0.22}% 73
\BOOKMARK [2][-]{subsection.0.22.5}{\376\377\000W\000h\000y\000\040\000F\000T\000L\000E\000\040\000a\000n\000d\000\040\000e\000n\000s\000e\000m\000b\000l\000e\000\040\000s\000p\000r\000e\000a\000d\000\040\000c\000o\000r\000r\000e\000l\000a\000t\000e\000\040\000b\000u\000t\000\040\000a\000r\000e\000\040\000n\000o\000t\000\040\000e\000q\000u\000i\000v\000a\000l\000e\000n\000t}{section.0.22}% 74
\BOOKMARK [2][-]{subsection.0.22.6}{\376\377\000T\000r\000a\000j\000e\000c\000t\000o\000r\000y\000\040\000c\000o\000h\000e\000r\000e\000n\000c\000e\000\040\000o\000n\000\040\000t\000h\000e\000\040\000s\000h\000a\000p\000e\000\040\000s\000p\000h\000e\000r\000e}{section.0.22}% 75
\BOOKMARK [2][-]{subsection.0.22.7}{\376\377\000F\000r\000e\000e\000-\000g\000r\000o\000u\000p\000\040\000w\000o\000r\000d\000\040\000o\000f\000\040\000t\000h\000e\000\040\000e\000n\000c\000o\000u\000n\000t\000e\000r\000\040\000s\000e\000q\000u\000e\000n\000c\000e}{section.0.22}% 76
\BOOKMARK [2][-]{subsection.0.22.8}{\376\377\000A\000l\000t\000e\000r\000n\000a\000t\000i\000v\000e\000\040\000i\000n\000d\000i\000c\000a\000t\000o\000r\000s}{section.0.22}% 77
\BOOKMARK [2][-]{subsection.0.22.9}{\376\377\000S\000t\000a\000b\000i\000l\000i\000t\000y\000\040\000m\000e\000t\000r\000i\000c\000\040\000h\000i\000e\000r\000a\000r\000c\000h\000y}{section.0.22}% 78
\BOOKMARK [2][-]{subsection.0.22.10}{\376\377\000C\000a\000n\000o\000n\000i\000c\000a\000l\000\040\000p\000e\000r\000-\000s\000a\000m\000p\000l\000e\000\040\000s\000u\000m\000m\000a\000r\000y}{section.0.22}% 79
\BOOKMARK [2][-]{subsection.0.22.11}{\376\377\000T\000i\000m\000e\000-\000c\000o\000h\000e\000r\000e\000n\000t\000\040\000s\000h\000a\000p\000e\000\040\000r\000e\000p\000r\000e\000s\000e\000n\000t\000a\000t\000i\000o\000n\000\040\000a\000n\000d\000\040\000a\000n\000i\000m\000a\000t\000i\000o\000n\000\040\000p\000o\000l\000i\000c\000y}{section.0.22}% 80
\BOOKMARK [2][-]{subsection.0.22.12}{\376\377\000R\000e\000p\000r\000e\000s\000e\000n\000t\000a\000t\000i\000v\000e\000\040\000s\000a\000m\000p\000l\000e\000\040\000c\000h\000o\000i\000c\000e\000\040\000f\000o\000r\000\040\000c\000o\000a\000r\000s\000e\000\040\000t\000i\000l\000e\000s}{section.0.22}% 81
\BOOKMARK [-1][-]{part.5}{\376\377\000V\000\040\000R\000e\000n\000d\000e\000r\000i\000n\000g\000\040\000P\000i\000p\000e\000l\000i\000n\000e}{}% 82
\BOOKMARK [0][-]{section.0.23}{\376\377\000R\000e\000n\000d\000e\000r\000\040\000g\000r\000a\000p\000h\000\040\000a\000r\000c\000h\000i\000t\000e\000c\000t\000u\000r\000e}{part.5}% 83
\BOOKMARK [1][-]{section.0.24}{\376\377\000S\000h\000a\000d\000e\000r\000\040\000h\000e\000l\000p\000e\000r\000\040\000l\000i\000b\000r\000a\000r\000y}{section.0.23}% 84
\BOOKMARK [1][-]{section.0.25}{\376\377\000P\000h\000y\000s\000i\000c\000s\000\040\000v\000i\000s\000u\000a\000l\000i\000s\000a\000t\000i\000o\000n\000\040\000m\000o\000d\000e\000s}{section.0.23}% 85
\BOOKMARK [2][-]{subsection.0.25.1}{\376\377\000G\000r\000o\000u\000p\000\040\0001\000:\000\040\000C\000o\000n\000s\000e\000r\000v\000e\000d\000\040\000q\000u\000a\000n\000t\000i\000t\000i\000e\000s\000\040\000a\000n\000d\000\040\000i\000n\000v\000a\000r\000i\000a\000n\000t\000s}{section.0.25}% 86
\BOOKMARK [2][-]{subsection.0.25.2}{\376\377\000G\000r\000o\000u\000p\000\040\0002\000:\000\040\000M\000a\000s\000s\000\040\000a\000n\000d\000\040\000c\000o\000n\000f\000i\000g\000u\000r\000a\000t\000i\000o\000n\000\040\000g\000e\000o\000m\000e\000t\000r\000y}{section.0.25}% 87
\BOOKMARK [2][-]{subsection.0.25.3}{\376\377\000G\000r\000o\000u\000p\000\040\0003\000:\000\040\000T\000r\000a\000j\000e\000c\000t\000o\000r\000y\000-\000d\000e\000r\000i\000v\000e\000d\000\040\000q\000u\000a\000n\000t\000i\000t\000i\000e\000s}{section.0.25}% 88
\BOOKMARK [2][-]{subsection.0.25.4}{\376\377\000G\000r\000o\000u\000p\000\040\0004\000:\000\040\000N\000u\000m\000e\000r\000i\000c\000a\000l\000\040\000d\000i\000a\000g\000n\000o\000s\000t\000i\000c\000s}{section.0.25}% 89
\BOOKMARK [2][-]{subsection.0.25.5}{\376\377\000C\000o\000m\000p\000o\000s\000i\000t\000i\000n\000g\000\040\000m\000o\000d\000e\000l}{section.0.25}% 90
\BOOKMARK [2][-]{subsection.0.25.6}{\376\377\000G\000U\000I\000\040\000c\000o\000l\000o\000u\000r\000\040\000m\000o\000d\000e\000\040\000s\000e\000l\000e\000c\000t\000o\000r}{section.0.25}% 91
\BOOKMARK [1][-]{section.0.26}{\376\377\000S\000p\000h\000e\000r\000i\000c\000a\000l\000\040\000c\000o\000l\000o\000u\000r\000\040\000m\000a\000p\000\040\000s\000y\000s\000t\000e\000m}{section.0.23}% 92
\BOOKMARK [2][-]{subsection.0.26.1}{\376\377\000C\000o\000l\000o\000u\000r\000\040\000s\000p\000a\000c\000e\000s}{section.0.26}% 93
\BOOKMARK [2][-]{subsection.0.26.2}{\376\377\000V\000o\000n\000\040\000M\000i\000s\000e\000s\040\023\000F\000i\000s\000h\000e\000r\000\040\000b\000l\000e\000n\000d\000i\000n\000g\000\040\000e\000n\000g\000i\000n\000e}{section.0.26}% 94
\BOOKMARK [2][-]{subsection.0.26.3}{\376\377\000S\000e\000a\000m\000l\000e\000s\000s\000\040\000L\000U\000T\000\040\000s\000p\000h\000e\000r\000e}{section.0.26}% 95
\BOOKMARK [2][-]{subsection.0.26.4}{\376\377\000C\000V\000D\000\040\000s\000i\000m\000u\000l\000a\000t\000i\000o\000n}{section.0.26}% 96
\BOOKMARK [1][-]{section.0.27}{\376\377\000R\000e\000n\000d\000e\000r\000\040\000m\000o\000d\000e\000s}{section.0.23}% 97
\BOOKMARK [2][-]{subsection.0.27.1}{\376\377\000S\000t\000a\000t\000e\000\040\000t\000a\000x\000o\000n\000o\000m\000y}{section.0.27}% 98
\BOOKMARK [2][-]{subsection.0.27.2}{\376\377\000E\000v\000e\000n\000t\000\040\000c\000l\000a\000s\000s\000i\000f\000i\000c\000a\000t\000i\000o\000n\000\040\000m\000o\000d\000e}{section.0.27}% 99
\BOOKMARK [2][-]{subsection.0.27.3}{\376\377\000S\000t\000a\000b\000i\000l\000i\000t\000y\000\040\000e\000v\000o\000l\000u\000t\000i\000o\000n\000\040\000m\000o\000d\000e\000\040\000\050\000O\000K\000L\000a\000b\000/\000O\000K\000L\000C\000H\000\051}{section.0.27}% 100
\BOOKMARK [2][-]{subsection.0.27.4}{\376\377\000S\000h\000a\000p\000e\000\040\000s\000p\000h\000e\000r\000e\000\040\000p\000h\000y\000s\000i\000c\000s\000\040\000o\000v\000e\000r\000l\000a\000y}{section.0.27}% 101
\BOOKMARK [2][-]{subsection.0.27.5}{\376\377\000P\000a\000t\000t\000e\000r\000n\000\040\000a\000n\000d\000\040\000s\000p\000e\000c\000i\000a\000l\000\040\000m\000o\000d\000e\000s}{section.0.27}% 102
\BOOKMARK [-1][-]{part.6}{\376\377\000V\000I\000\040\000W\000e\000b\000G\000P\000U\000\040\000S\000y\000s\000t\000e\000m\000s\000\040\000L\000a\000y\000e\000r}{}% 103
\BOOKMARK [0][-]{section.0.28}{\376\377\000L\000a\000y\000e\000r\000e\000d\000\040\000b\000u\000i\000l\000d\000-\000u\000p}{part.6}% 104
\BOOKMARK [1][-]{subsection.0.28.1}{\376\377\000L\000a\000y\000e\000r\000\040\0000\000:\000\040\000f\000l\000a\000t\000\040\000g\000r\000i\000d\000,\000\040\000n\000o\000\040\000c\000a\000c\000h\000e}{section.0.28}% 105
\BOOKMARK [2][-]{subsection.0.28.2}{\376\377\000L\000a\000y\000e\000r\000\040\0001\000:\000\040\000t\000i\000l\000e\000\040\000c\000a\000c\000h\000e\000\040\000a\000n\000d\000\040\000a\000n\000c\000e\000s\000t\000o\000r\000\040\000f\000a\000l\000l\000b\000a\000c\000k}{subsection.0.28.1}% 106
\BOOKMARK [2][-]{subsection.0.28.3}{\376\377\000L\000a\000y\000e\000r\000\040\0002\000:\000\040\000a\000d\000a\000p\000t\000i\000v\000e\000\040\000r\000e\000f\000i\000n\000e\000m\000e\000n\000t}{subsection.0.28.1}% 107
\BOOKMARK [1][-]{section.0.29}{\376\377\000T\000i\000l\000e\000d\000\040\000q\000u\000a\000d\000t\000r\000e\000e\000\040\000a\000r\000c\000h\000i\000t\000e\000c\000t\000u\000r\000e}{section.0.28}% 108
\BOOKMARK [2][-]{subsection.0.29.1}{\376\377\000T\000i\000l\000e\000\040\000p\000y\000r\000a\000m\000i\000d}{section.0.29}% 109
\BOOKMARK [2][-]{subsection.0.29.2}{\376\377\000C\000a\000m\000e\000r\000a\000-\000t\000o\000-\000z\000o\000o\000m\000\040\000m\000a\000p\000p\000i\000n\000g}{section.0.29}% 110
\BOOKMARK [2][-]{subsection.0.29.3}{\376\377\000P\000a\000r\000e\000n\000t\000\040\000f\000a\000l\000l\000b\000a\000c\000k}{section.0.29}% 111
\BOOKMARK [2][-]{subsection.0.29.4}{\376\377\000T\000h\000e\000\040\000q\000u\000a\000d\000t\000r\000e\000e\000\040\000a\000s\000\040\000a\000d\000a\000p\000t\000i\000v\000e\000\040\000s\000c\000i\000e\000n\000t\000i\000f\000i\000c\000\040\000s\000a\000m\000p\000l\000i\000n\000g}{section.0.29}% 112
\BOOKMARK [1][-]{section.0.30}{\376\377\000T\000w\000o\000-\000s\000t\000a\000g\000e\000\040\000t\000i\000l\000e\000\040\000p\000i\000p\000e\000l\000i\000n\000e}{section.0.28}% 113
\BOOKMARK [2][-]{subsection.0.30.1}{\376\377\000P\000e\000r\000-\000p\000i\000x\000e\000l\000\040\000c\000o\000m\000p\000u\000t\000e\000\040\000w\000o\000r\000k\000f\000l\000o\000w}{section.0.30}% 114
\BOOKMARK [2][-]{subsection.0.30.2}{\376\377\000E\000n\000s\000e\000m\000b\000l\000e\000\040\000s\000a\000m\000p\000l\000i\000n\000g\000\040\000\050\000o\000p\000t\000i\000o\000n\000a\000l\000\051}{section.0.30}% 115
\BOOKMARK [2][-]{subsection.0.30.3}{\376\377\000R\000e\000n\000d\000e\000r\000i\000n\000g\000\040\000f\000r\000o\000m\000\040\000t\000h\000e\000\040\000s\000a\000m\000e\000\040\000c\000a\000n\000o\000n\000i\000c\000a\000l\000\040\000d\000a\000t\000a}{section.0.30}% 116
\BOOKMARK [2][-]{subsection.0.30.4}{\376\377\000Q\000u\000a\000l\000i\000t\000y\000\040\000t\000i\000e\000r\000s}{section.0.30}% 117
\BOOKMARK [2][-]{subsection.0.30.5}{\376\377\000F\000u\000l\000l\000-\000r\000e\000t\000e\000n\000t\000i\000o\000n\000\040\000m\000o\000d\000e}{section.0.30}% 118
\BOOKMARK [2][-]{subsection.0.30.6}{\376\377\000E\000x\000p\000o\000r\000t\000\040\000m\000o\000d\000e\000s}{section.0.30}% 119
\BOOKMARK [1][-]{section.0.31}{\376\377\000W\000e\000b\000G\000P\000U\000\040\000e\000x\000e\000c\000u\000t\000i\000o\000n\000\040\000m\000o\000d\000e\000l}{section.0.28}% 120
\BOOKMARK [2][-]{subsection.0.31.1}{\376\377\000D\000i\000s\000p\000a\000t\000c\000h}{section.0.31}% 121
\BOOKMARK [2][-]{subsection.0.31.2}{\376\377\000D\000e\000e\000p\000-\000z\000o\000o\000m\000\040\000p\000r\000e\000c\000i\000s\000i\000o\000n\000:\000\040\000t\000i\000l\000e\000-\000l\000o\000c\000a\000l\000\040\000c\000o\000o\000r\000d\000i\000n\000a\000t\000e\000s}{section.0.31}% 122
\BOOKMARK [2][-]{subsection.0.31.3}{\376\377\000L\000i\000n\000e\000a\000r\000i\000s\000e\000d\000\040\000d\000e\000c\000o\000d\000e\000r\000\040\000f\000o\000r\000\040\000d\000e\000e\000p\000\040\000z\000o\000o\000m}{section.0.31}% 123
\BOOKMARK [2][-]{subsection.0.31.4}{\376\377\000W\000o\000r\000k\000g\000r\000o\000u\000p\000\040\000s\000h\000a\000p\000e}{section.0.31}% 124
\BOOKMARK [2][-]{subsection.0.31.5}{\376\377\000R\000e\000d\000u\000c\000t\000i\000o\000n\000\040\000s\000t\000r\000a\000t\000e\000g\000y}{section.0.31}% 125
\BOOKMARK [2][-]{subsection.0.31.6}{\376\377\000W\000G\000S\000L\000\040\000c\000o\000n\000s\000t\000r\000a\000i\000n\000t\000s}{section.0.31}% 126
\BOOKMARK [1][-]{section.0.32}{\376\377\000T\000i\000l\000e\000\040\000d\000i\000a\000g\000n\000o\000s\000t\000i\000c\000\040\000p\000a\000y\000l\000o\000a\000d}{section.0.28}% 127
\BOOKMARK [1][-]{section.0.33}{\376\377\000T\000i\000l\000e\000-\000l\000e\000v\000e\000l\000\040\000s\000u\000m\000m\000a\000r\000y\000\040\000a\000n\000d\000\040\000c\000o\000h\000e\000r\000e\000n\000c\000e\000\040\000s\000c\000o\000r\000e}{section.0.28}% 128
\BOOKMARK [2][-]{subsection.0.33.1}{\376\377\000E\000x\000p\000l\000i\000c\000i\000t\000\040\000s\000p\000l\000i\000t\000\040\000/\000\040\000k\000e\000e\000p\000\040\000/\000\040\000m\000e\000r\000g\000e\000\040\000c\000r\000i\000t\000e\000r\000i\000a}{section.0.33}% 129
\BOOKMARK [1][-]{section.0.34}{\376\377\000S\000c\000h\000e\000d\000u\000l\000i\000n\000g\000\040\000a\000n\000d\000\040\000p\000r\000o\000g\000r\000e\000s\000s\000i\000v\000e\000\040\000r\000e\000f\000i\000n\000e\000m\000e\000n\000t}{section.0.28}% 130
\BOOKMARK [2][-]{subsection.0.34.1}{\376\377\000W\000h\000y\000\040\000C\000P\000U\000-\000m\000a\000n\000a\000g\000e\000d}{section.0.34}% 131
\BOOKMARK [2][-]{subsection.0.34.2}{\376\377\000T\000i\000l\000e\000\040\000r\000e\000q\000u\000e\000s\000t}{section.0.34}% 132
\BOOKMARK [2][-]{subsection.0.34.3}{\376\377\000P\000r\000i\000o\000r\000i\000t\000y}{section.0.34}% 133
\BOOKMARK [2][-]{subsection.0.34.4}{\376\377\000M\000e\000m\000o\000r\000y\000\040\000s\000t\000r\000a\000t\000e\000g\000y\000\040\000a\000n\000d\000\040\000e\000v\000i\000c\000t\000i\000o\000n}{section.0.34}% 134
\BOOKMARK [2][-]{subsection.0.34.5}{\376\377\000P\000e\000r\000-\000f\000r\000a\000m\000e\000\040\000u\000p\000d\000a\000t\000e\000\040\000l\000o\000o\000p}{section.0.34}% 135
\BOOKMARK [2][-]{subsection.0.34.6}{\376\377\000S\000p\000l\000i\000t\000\040\000p\000o\000l\000i\000c\000y}{section.0.34}% 136
\BOOKMARK [2][-]{subsection.0.34.7}{\376\377\000C\000o\000n\000t\000r\000o\000l\000s}{section.0.34}% 137
\BOOKMARK [1][-]{section.0.35}{\376\377\000V\000a\000l\000i\000d\000a\000t\000i\000o\000n\000\040\000a\000n\000d\000\040\000f\000a\000i\000l\000u\000r\000e\000\040\000m\000o\000d\000e\000s}{section.0.28}% 138
\BOOKMARK [1][-]{section.0.36}{\376\377\000C\000a\000c\000h\000e\000\040\000a\000n\000d\000\040\000i\000n\000v\000a\000l\000i\000d\000a\000t\000i\000o\000n}{section.0.28}% 139
\BOOKMARK [1][-]{section.Alph0.1}{\376\377\000C\000o\000n\000v\000e\000n\000t\000i\000o\000n\000s\000\040\000a\000n\000d\000\040\000n\000u\000m\000e\000r\000i\000c\000a\000l\000\040\000d\000e\000f\000a\000u\000l\000t\000s}{section.0.28}% 140
\BOOKMARK [1][-]{section.Alph0.2}{\376\377\000C\000a\000r\000t\000e\000s\000i\000a\000n\000\040\000J\000a\000c\000o\000b\000i\000\040\000d\000e\000c\000o\000d\000e\000\040\000\050\000r\000e\000f\000e\000r\000e\000n\000c\000e\000\040\000o\000n\000l\000y\000\051}{section.0.28}% 141
\BOOKMARK [1][-]{section.Alph0.3}{\376\377\000C\000o\000l\000o\000u\000r\000\040\000m\000a\000p\000\040\000q\000u\000i\000c\000k\000\040\000r\000e\000f\000e\000r\000e\000n\000c\000e}{section.0.28}% 142
