\BOOKMARK [1][-]{section.1}{\376\377\000I\000n\000t\000r\000o\000d\000u\000c\000t\000i\000o\000n}{}% 1
\BOOKMARK [1][-]{section.2}{\376\377\000T\000h\000e\000\040\000T\000h\000r\000e\000e\000-\000B\000o\000d\000y\000\040\000P\000r\000o\000b\000l\000e\000m\000:\000\040\000F\000u\000n\000d\000a\000m\000e\000n\000t\000a\000l\000s\000\040\000a\000n\000d\000\040\000H\000i\000s\000t\000o\000r\000y}{}% 2
\BOOKMARK [1][-]{section.3}{\376\377\000T\000h\000e\000\040\000P\000y\000t\000h\000a\000g\000o\000r\000e\000a\000n\000\040\000T\000h\000r\000e\000e\000-\000B\000o\000d\000y\000\040\000P\000r\000o\000b\000l\000e\000m}{}% 3
\BOOKMARK [1][-]{section.4}{\376\377\000M\000a\000p\000p\000i\000n\000g\000\040\000t\000h\000e\000\040\000I\000n\000i\000t\000i\000a\000l\000-\000C\000o\000n\000d\000i\000t\000i\000o\000n\000\040\000M\000a\000n\000i\000f\000o\000l\000d}{}% 4
\BOOKMARK [2][-]{subsection.4.1}{\376\377\000T\000h\000e\000\040\000A\000g\000e\000k\000i\000a\000n\040\023\000A\000n\000o\000s\000o\000v\000a\000\040\000m\000a\000p}{section.4}% 5
\BOOKMARK [2][-]{subsection.4.2}{\376\377\000T\000h\000e\000\040\000L\000e\000h\000t\000o\000\040\000e\000t\000\040\000a\000l\000.\000\040\000p\000i\000x\000e\000l\000\040\000m\000a\000p\000\040\000a\000n\000d\000\040\000t\000h\000e\000\040\000M\000a\000a\000s\000a\000i\000\040\000s\000h\000i\000e\000l\000d}{section.4}% 6
\BOOKMARK [2][-]{subsection.4.3}{\376\377\000T\000r\000a\000n\000i\000\040\000e\000t\000\040\000a\000l\000.\000\040\000a\000n\000d\000\040\000i\000s\000l\000e\000s\000\040\000o\000f\000\040\000r\000e\000g\000u\000l\000a\000r\000i\000t\000y}{section.4}% 7
\BOOKMARK [2][-]{subsection.4.4}{\376\377\000F\000r\000a\000c\000t\000a\000l\000\040\000b\000a\000s\000i\000n\000\040\000b\000o\000u\000n\000d\000a\000r\000i\000e\000s}{section.4}% 8
\BOOKMARK [1][-]{section.5}{\376\377\000S\000h\000a\000p\000e\000\040\000S\000p\000a\000c\000e\000\040\000a\000n\000d\000\040\000S\000y\000m\000m\000e\000t\000r\000y\000\040\000R\000e\000d\000u\000c\000t\000i\000o\000n}{}% 9
\BOOKMARK [2][-]{subsection.5.1}{\376\377\000J\000a\000c\000o\000b\000i\000\040\000c\000o\000o\000r\000d\000i\000n\000a\000t\000e\000s}{section.5}% 10
\BOOKMARK [2][-]{subsection.5.2}{\376\377\000S\000h\000a\000p\000e\000\040\000s\000p\000a\000c\000e\000\040\000a\000n\000d\000\040\000t\000h\000e\000\040\000s\000h\000a\000p\000e\000\040\000s\000p\000h\000e\000r\000e}{section.5}% 11
\BOOKMARK [2][-]{subsection.5.3}{\376\377\000S\000y\000m\000m\000e\000t\000r\000y\000\040\000r\000e\000d\000u\000c\000t\000i\000o\000n}{section.5}% 12
\BOOKMARK [1][-]{section.6}{\376\377\000S\000y\000m\000b\000o\000l\000i\000c\000\040\000D\000y\000n\000a\000m\000i\000c\000s\000\040\000o\000f\000\040\000T\000r\000i\000p\000l\000e\000\040\000E\000n\000c\000o\000u\000n\000t\000e\000r\000s}{}% 13
\BOOKMARK [2][-]{subsection.6.1}{\376\377\000C\000l\000a\000s\000s\000i\000c\000a\000l\000\040\000s\000y\000m\000b\000o\000l\000i\000c\000\040\000d\000y\000n\000a\000m\000i\000c\000s}{section.6}% 14
\BOOKMARK [2][-]{subsection.6.2}{\376\377\000R\000e\000g\000i\000o\000n\000a\000l\000\040\000c\000o\000d\000i\000n\000g\000\040\000o\000f\000\040\000t\000h\000e\000\040\000t\000h\000r\000e\000e\000-\000b\000o\000d\000y\000\040\000e\000n\000c\000o\000u\000n\000t\000e\000r}{section.6}% 15
\BOOKMARK [2][-]{subsection.6.3}{\376\377\000T\000a\000n\000i\000k\000a\000w\000a\040\023\000M\000i\000k\000k\000o\000l\000a\000\040\000s\000y\000m\000b\000o\000l\000i\000c\000\040\000d\000y\000n\000a\000m\000i\000c\000s}{section.6}% 16
\BOOKMARK [2][-]{subsection.6.4}{\376\377\000H\000e\000g\000g\000i\000e\000'\000s\000\040\000e\000n\000c\000o\000u\000n\000t\000e\000r\000\040\000c\000l\000a\000s\000s\000i\000f\000i\000c\000a\000t\000i\000o\000n}{section.6}% 17
\BOOKMARK [1][-]{section.7}{\376\377\000C\000h\000a\000o\000s\000\040\000D\000i\000a\000g\000n\000o\000s\000t\000i\000c\000s}{}% 18
\BOOKMARK [2][-]{subsection.7.1}{\376\377\000L\000y\000a\000p\000u\000n\000o\000v\000\040\000e\000x\000p\000o\000n\000e\000n\000t\000s\000\040\000a\000n\000d\000\040\000F\000T\000L\000E}{section.7}% 19
\BOOKMARK [2][-]{subsection.7.2}{\376\377\000F\000r\000e\000q\000u\000e\000n\000c\000y\000\040\000d\000i\000f\000f\000u\000s\000i\000o\000n\000\040\000a\000n\000d\000\040\000s\000p\000e\000c\000t\000r\000a\000l\000\040\000c\000h\000a\000o\000s\000\040\000i\000n\000d\000i\000c\000a\000t\000o\000r\000s}{section.7}% 20
\BOOKMARK [2][-]{subsection.7.3}{\376\377\000K\000o\000l\000m\000o\000g\000o\000r\000o\000v\040\023\000S\000i\000n\000a\000i\000\040\000e\000n\000t\000r\000o\000p\000y\000\040\000i\000n\000\040\000t\000h\000e\000\040\000t\000h\000r\000e\000e\000-\000b\000o\000d\000y\000\040\000p\000r\000o\000b\000l\000e\000m}{section.7}% 21
\BOOKMARK [1][-]{section.8}{\376\377\000S\000t\000a\000t\000i\000s\000t\000i\000c\000a\000l\000\040\000T\000h\000e\000o\000r\000y\000\040\000o\000f\000\040\000T\000h\000r\000e\000e\000-\000B\000o\000d\000y\000\040\000O\000u\000t\000c\000o\000m\000e\000s}{}% 22
\BOOKMARK [1][-]{section.9}{\376\377\000S\000y\000m\000p\000l\000e\000c\000t\000i\000c\000\040\000N\000u\000m\000e\000r\000i\000c\000a\000l\000\040\000I\000n\000t\000e\000g\000r\000a\000t\000i\000o\000n}{}% 23
\BOOKMARK [1][-]{section.10}{\376\377\000G\000P\000U\000-\000A\000c\000c\000e\000l\000e\000r\000a\000t\000e\000d\000\040\000P\000a\000r\000a\000l\000l\000e\000l\000\040\000C\000o\000m\000p\000u\000t\000a\000t\000i\000o\000n}{}% 24
\BOOKMARK [1][-]{section.11}{\376\377\000T\000h\000e\000\040\000B\000u\000r\000r\000a\000u\040\023\000P\000y\000t\000h\000a\000g\000o\000r\000e\000a\000n\000\040\000F\000a\000m\000i\000l\000y\000\040\000a\000n\000d\000\040\000N\000u\000m\000b\000e\000r\000\040\000T\000h\000e\000o\000r\000y}{}% 25
\BOOKMARK [1][-]{section.12}{\376\377\000S\000u\000m\000m\000a\000r\000y\000\040\000o\000f\000\040\000G\000a\000p\000s}{}% 26
